{
    "types" : {
        "ClassFwd" : {
            "attributes" : {
                "clang::annotate" : [
                    "Fwd(0)",
                    "Fwd(1)"
                ]
            },
            "recordType" : "class",
            "isDefined" : true,
            "isAnonymous" : false
        },
        "ClassBack" : {
            "attributes" : {
                "clang::annotate" : [
                    "Back(0)",
                    "Back(1)"
                ]
            },
            "recordType" : "class",
            "isDefined" : true,
            "isAnonymous" : false
        },
        "ClassUndefined" : {
            "attributes" : {
                "clang::annotate" : [
                    "Undefined(0)"
                ]
            },
            "recordType" : "class",
            "isDefined" : false
        },
        "ClassBoth" : {
            "attributes" : {
                "clang::annotate" : [
                    "Both(0)",
                    "Both(1)"
                ]
            },
            "recordType" : "class",
            "isDefined" : true,
            "isAnonymous" : false
        }
    },
    "inclusions" : []
}
