{
    "variables" : {
        "c" : {
            "attributes": {
                "clang::annotate": [
                    "Global(0)"
                ]
            },
            "type" : "char"
        },
        "str" : {
            "attributes": {
                "clang::annotate": [
                    "Global(0.0)",
                    "Global(0.1)",
                    "Global(0.2)"
                ]
            },
            "type" : "const char *"
        }
    },
    "namespaces" : {
        "NS" : {
            "types" : {
                "VarType" : {
                    "isDefined" : true,
                    "isAnonymous" : false,
                    "recordType" : "class"
                },
                "Class" : {
                    "isDefined" : true,
                    "isAnonymous" : false,
                    "recordType" : "class",
                    "variables" : {
                        "privateVar" : {
                            "attributes": {
                                "clang::annotate": [
                                    "Class(0.0)",
                                    "Class(0.1)"
                                ]
                            },
                            "access" : "private",
                            "type" : "NS::VarType"
                        },
                        "publicVar" : {
                            "attributes": {
                                "clang::annotate": [
                                    "Class(1)"
                                ]
                            },
                            "access" : "public",
                            "type" : "NS::VarType"
                        }
                    }
                },
                "Struct" : {
                    "isDefined" : true,
                    "isAnonymous" : false,
                    "recordType" : "struct",
                    "variables" : {
                        "publicVar" : {
                            "attributes": {
                                "clang::annotate": [
                                    "Class(0)"
                                ]
                            },
                            "access" : "public",
                            "type" : "const NS::VarType *"
                        },
                        "protectedVar" : {
                            "attributes": {
                                "clang::annotate": [
                                    "Class(1.0)",
                                    "Class(1.1)"
                                ]
                            },
                            "access" : "protected",
                            "type" : "volatile long"
                        }
                    }
                }
            },
            "variables" : {
                "doublePtr" : {
                    "attributes": {
                        "clang::annotate": [
                            "NS(0.0)",
                            "NS(0.1)"
                        ]
                    },
                    "type" : "long **"
                }
            }
        }
    },
    "inclusions" : []
}
