{
    "namespaces" : {
        "NS" : {
            "types" : {
                "OtherStruct" : {
                    "isDefined" : true,
                    "isAnonymous" : false,
                    "recordType" : "struct",
                    "fields" : {
                        "c" : {
                            "type" : "",
                            "canonicalType" : "signed char"
                        }
                    }
                }
            }
        }
    },
    "inclusions" : []
}
