{
    "functions" : {
        "sum" : {
            "int (int, int)" : {
                "returnType" : "int",
                "parameters" : [
                    {
                        "name" : "a",
                        "type" : "int"
                    },
                    {
                        "name" : "b",
                        "type" : "int"
                    }
                ]
            },
            "float (float, float)" : {
                "returnType" : "float",
                "parameters" : [
                    {
                        "name" : "a",
                        "type" : "float"
                    },
                    {
                        "name" : "b",
                        "type" : "float"
                    }
                ]
            }
        },
        "sub" : {
            "int (int, int)" : {
                "returnType" : "int",
                "parameters" : [
                    {
                        "name" : "a",
                        "type" : "int"
                    },
                    {
                        "name" : "b",
                        "type" : "int"
                    }
                ]
            },
            "long long (long long, long long)" : {
                "returnType" : "long long",
                "parameters" : [
                    {
                        "name" : "a",
                        "type" : "long long"
                    },
                    {
                        "name" : "b",
                        "type" : "long long"
                    }
                ]
            }
        }
    },
    "namespaces" : {
        "ThingNS" : {
            "types" : {
                "Thing1" : {
                    "isDefined" : false
                },
                "NonAnonymous" : {
                    "isDefined" : false
                },
                "FullStruct" : {
                    "isDefined" : true,
                    "isAnonymous" : false,
                    "recordType" : "struct"
                }
            },
            "functions" : {
                "getThing" : {
                    "ThingNS::Thing1 (ThingNS::Thing1, double)" : {
                        "returnType" : "ThingNS::Thing1",
                        "parameters" : [
                            {
                                "name" : "t1",
                                "type" : "ThingNS::Thing1"
                            },
                            {
                                "name" : "d",
                                "type" : "double",
                                "hasDefaultValue" : true
                            }
                        ]
                    },
                    "ThingNS::Thing1 (ThingNS::Thing1, ThingNS::NonAnonymous)" : {
                        "access" : "public",
                        "returnType" : "ThingNS::Thing1",
                        "parameters" : [
                            {
                                "name" : "t1",
                                "type" : "ThingNS::Thing1"
                            },
                            {
                                "name" : "t2",
                                "type" : "ThingNS::NonAnonymous"
                            }
                        ]
                    },
                    "ThingNS::Thing1 (ThingNS::Thing1, float)" : {
                        "access" : "public",
                        "returnType" : "ThingNS::Thing1",
                        "parameters" : [
                            {
                                "name" : "t1",
                                "type" : "ThingNS::Thing1"
                            },
                            {
                                "name" : "f",
                                "type" : "float",
                                "hasDefaultValue" : true
                            }
                        ]
                    },
                    "ThingNS::Thing1 (ThingNS::Thing1, char)" : {
                        "returnType" : "ThingNS::Thing1",
                        "parameters" : [
                            {
                                "name" : "t1",
                                "type" : "ThingNS::Thing1"
                            },
                            {
                                "name" : "d",
                                "type" : "char",
                                "hasDefaultValue" : true
                            }
                        ]
                    },
                    "ThingNS::Thing1 (ThingNS::Thing1, ThingNS::FullStruct, float)" : {
                        "access" : "public",
                        "returnType" : "ThingNS::Thing1",
                        "parameters" : [
                            {
                                "name" : "t1",
                                "type" : "ThingNS::Thing1"
                            },
                            {
                                "name" : "fs",
                                "type" : "ThingNS::FullStruct",
                                "hasDefaultValue" : true
                            },
                            {
                                "name" : "f",
                                "type" : "float",
                                "hasDefaultValue" : true
                            }
                        ]
                    }
                },
                "wasteful" : {
                    "const char *(const char *)" : {
                        "returnType" : "const char *",
                        "parameters" : [
                            {
                                "name" : "str",
                                "type" : "const char *",
                                "hasDefaultValue" : true
                            }
                        ]
                    }
                }
            }
        }
    },
    "inclusions" : []
}
