{
    "namespaces" : {
        "Animals" : {
            "types" : {
                "Special" : {
                    "isDefined" : true,
                    "isAnonymous" : false,
                    "recordType" : "class",
                    "fields" : {
                        "specialID" : {
                            "type" : "std::string",
                            "canonicalType" : "std::basic_string<char>"
                        }
                    },
                    "methods" : {
                        "retrieve" : {
                            "Special &()" : {
                                "returnType" : "Special &",
                                "canonicalReturnType" : "Animals::Special &",
                                "methodSpecifiers" : [
                                    "pure",
                                    "virtual"
                                ],
                                "parameters" : []
                            }
                        },
                        "getID" : {
                            "std::string ()" : {
                                "returnType" : "std::string",
                                "canonicalReturnType" : "std::basic_string<char>",
                                "methodSpecifiers" : [
                                    "virtual"
                                ],
                                "parameters" : []
                            }
                        }
                    }
                },
                "Intermediate" : {
                    "isDefined" : true,
                    "isAnonymous" : false,
                    "recordType" : "class",
                    "bases" : [
                        {
                            "type" : "Special",
                            "canonicalType" : "Animals::Special"
                        }
                    ],
                    "fields" : {
                        "intermediateID" : {
                            "type" : "std::string",
                            "canonicalType" : "std::basic_string<char>"
                        }
                    },
                    "methods" : {
                        "retrieve" : {
                            "Special &()" : {
                                "returnType" : "Special &",
                                "canonicalReturnType" : "Animals::Special &",
                                "methodSpecifiers" : [
                                    "virtual",
                                    "override"
                                ],
                                "parameters" : []
                            }
                        },
                        "getID" : {
                            "std::string ()" : {
                                "returnType" : "std::string",
                                "canonicalReturnType" : "std::basic_string<char>",
                                "methodSpecifiers" : [
                                    "virtual",
                                    "override"
                                ],
                                "parameters" : []
                            }
                        }
                    }
                },
                "Human" : {
                    "isDefined" : true,
                    "isAnonymous" : false,
                    "recordType" : "class",
                    "bases" : [
                        {
                            "type" : "ACS::Animal",
                            "canonicalType" : "ACS::Animal"
                        },
                        {
                            "type" : "Intermediate",
                            "canonicalType" : "Animals::Intermediate"
                        }
                    ],
                    "methods" : {
                        "retrieve" : {
                            "Special &()" : {
                                "returnType" : "Special &",
                                "canonicalReturnType" : "Animals::Special &",
                                "methodSpecifiers" : [
                                    "virtual",
                                    "final"
                                ],
                                "parameters" : []
                            }
                        },
                        "Moo" : {
                            "bool ()" : {
                                "returnType" : "bool",
                                "canonicalReturnType" : "bool",
                                "methodSpecifiers" : [
                                    "virtual",
                                    "override"
                                ],
                                "parameters" : []
                            }
                        }
                    }
                }
            }
        }
    },
    "inclusions" : [
        "include/Printer.hpp",
        "include/acs/Animal.hpp",
        "include/vegetables/Cabbage.hpp"
    ]
}
