{
    "types" : {
        "StructFwd" : {
            "isDefined" : true,
            "isAnonymous" : false,
            "recordType" : "struct"
        },
        "StructBack" : {
            "isDefined" : true,
            "isAnonymous" : false,
            "recordType" : "struct"
        },
        "StructUndefined" : {
            "isDefined" : false
        },
        "StructBoth" : {
            "isDefined" : true,
            "isAnonymous" : false,
            "recordType" : "struct"
        }
    },
    "inclusions" : []
}
