{
    "namespaces" : {
        "Unions" : {
            "types" : {
                "MyUnion" : {
                    "recordType" : "union",
                    "isDefined" : true,
                    "isAnonymous" : false,
                    "fields" : {
                        "printer" : {
                            "access" : "public",
                            "type" : "char &"
                        },
                        "myLong" : {
                            "access" : "private",
                            "type" : "long"
                        }
                    }
                }
            }
        }
    },
    "types" : {
        "MyUnion" : {
            "recordType" : "union",
            "isDefined" : true,
            "isAnonymous" : false,
            "fields" : {
                "intVal" : {
                    "access" : "public",
                    "type" : "int"
                },
                "longVal" : {
                    "access" : "public",
                    "type" : "long"
                },
                "charVal" : {
                    "access" : "protected",
                    "type" : "char"
                }
            }
        },
        "SimpleUnion" : {
            "recordType" : "union",
            "isDefined" : true,
            "isAnonymous" : false
        },
        "Undefined" : {
            "recordType" : "union",
            "isDefined" : false
        }
    },
    "inclusions" : []
}
