{
    "functions": {
        "sum": {
            "int(int,int)": {
                "returnType": "int",
                "parameters": [
                    {
                        "name": "a",
                        "type": "int"
                    },
                    {
                        "name": "b",
                        "type": "int"
                    }
                ]
            }
        }
    }
}